[debug] [2025-07-20T19:48:45.141Z] ----------------------------------------------------------------------
[debug] [2025-07-20T19:48:45.154Z] Command:       C:\Program Files\nodejs\node.exe C:\Users\THINKPAD\AppData\Roaming\npm\node_modules\firebase-tools\lib\bin\firebase.js init
[debug] [2025-07-20T19:48:45.154Z] CLI Version:   14.8.0
[debug] [2025-07-20T19:48:45.155Z] Platform:      win32
[debug] [2025-07-20T19:48:45.155Z] Node Version:  v22.13.1
[debug] [2025-07-20T19:48:45.156Z] Time:          Sun Jul 20 2025 14:48:45 GMT-0500 (hora estándar de Colombia)
[debug] [2025-07-20T19:48:45.156Z] ----------------------------------------------------------------------
[debug] 
[debug] [2025-07-20T19:48:45.161Z] >>> [apiv2][query] GET https://firebase-public.firebaseio.com/cli.json [none]
[debug] [2025-07-20T19:48:45.289Z] > command requires scopes: ["email","openid","https://www.googleapis.com/auth/cloudplatformprojects.readonly","https://www.googleapis.com/auth/firebase","https://www.googleapis.com/auth/cloud-platform"]
[debug] [2025-07-20T19:48:45.290Z] > authorizing via signed-in user (abollanedapedraza@gmail.com)
[info] 
     ######## #### ########  ######## ########     ###     ######  ########
     ##        ##  ##     ## ##       ##     ##  ##   ##  ##       ##
     ######    ##  ########  ######   ########  #########  ######  ######
     ##        ##  ##    ##  ##       ##     ## ##     ##       ## ##
     ##       #### ##     ## ######## ########  ##     ##  ######  ########

You're about to initialize a Firebase project in this directory:

  C:\Users\THINKPAD\Desktop\iniaCuyes\iniaCuyes

[debug] [2025-07-20T19:48:48.453Z] *** [apiv2] error from fetch(https://firebase-public.firebaseio.com/cli.json, {"headers":{},"method":"GET"}): FetchError: request to https://firebase-public.firebaseio.com/cli.json failed, reason: read ECONNRESET
[warn] !  Unable to fetch the CLI MOTD and remote config. This is not a fatal error, but may indicate an issue with your network connection. 
[debug] [2025-07-20T19:48:48.455Z] Failed to fetch MOTD FirebaseError: Failed to make request to https://firebase-public.firebaseio.com/cli.json
[info] 
=== Project Setup
[info] 
[info] First, let's associate this project directory with a Firebase project.
[info] You can create multiple project aliases by running firebase use --add, 
[info] but for now we'll just set up a default project.
[info] 
[debug] [2025-07-20T19:49:22.361Z] Checked if tokens are valid: false, expires at: 1753037631161
[debug] [2025-07-20T19:49:22.362Z] Checked if tokens are valid: false, expires at: 1753037631161
[debug] [2025-07-20T19:49:22.362Z] > refreshing access token with scopes: []
[debug] [2025-07-20T19:49:22.365Z] >>> [apiv2][query] POST https://www.googleapis.com/oauth2/v3/token [none]
[debug] [2025-07-20T19:49:22.365Z] >>> [apiv2][body] POST https://www.googleapis.com/oauth2/v3/token [omitted]
[debug] [2025-07-20T19:49:24.982Z] *** [apiv2] error from fetch(https://www.googleapis.com/oauth2/v3/token, {"headers":{},"method":"POST","body":{"_overheadLength":545,"_valueLength":212,"_valuesToMeasure":[],"writable":false,"readable":true,"dataSize":0,"maxDataSize":2097152,"pauseStreams":true,"_released":true,"_streams":[],"_currentStream":null,"_insideLoop":false,"_pendingNext":false,"_boundary":"--------------------------745075319324878171959779","_events":{},"_eventsCount":1}}): FetchError: request to https://www.googleapis.com/oauth2/v3/token failed, reason: read ECONNRESET
[error] Authentication Error: Your credentials are no longer valid. Please run firebase login --reauth

For CI servers and headless environments, generate a new token with firebase login:ci
[debug] [2025-07-20T19:49:24.984Z] Authentication Error: Your credentials are no longer valid. Please run firebase login --reauth

For CI servers and headless environments, generate a new token with firebase login:ci
[debug] [2025-07-20T19:49:26.127Z] FirebaseError: Authentication Error: Your credentials are no longer valid. Please run firebase login --reauth

For CI servers and headless environments, generate a new token with firebase login:ci
    at invalidCredentialError (C:\Users\THINKPAD\AppData\Roaming\npm\node_modules\firebase-tools\lib\auth.js:167:12)
    at refreshTokens (C:\Users\THINKPAD\AppData\Roaming\npm\node_modules\firebase-tools\lib\auth.js:556:15)
    at process.processTicksAndRejections (node:internal/process/task_queues:105:5)
    at async getAccessToken (C:\Users\THINKPAD\AppData\Roaming\npm\node_modules\firebase-tools\lib\apiv2.js:42:18)
    at async Client.addAuthHeader (C:\Users\THINKPAD\AppData\Roaming\npm\node_modules\firebase-tools\lib\apiv2.js:169:21)
    at async Client.request (C:\Users\THINKPAD\AppData\Roaming\npm\node_modules\firebase-tools\lib\apiv2.js:120:34)
    at async getProjectPage (C:\Users\THINKPAD\AppData\Roaming\npm\node_modules\firebase-tools\lib\management\projects.js:254:17)
    at async getFirebaseProjectPage (C:\Users\THINKPAD\AppData\Roaming\npm\node_modules\firebase-tools\lib\management\projects.js:271:23)
    at async selectProjectInteractively (C:\Users\THINKPAD\AppData\Roaming\npm\node_modules\firebase-tools\lib\management\projects.js:121:41)
    at async Object.doSetup (C:\Users\THINKPAD\AppData\Roaming\npm\node_modules\firebase-tools\lib\init\features\project.js:85:31)
[error] 
[error] Error: Failed to list Firebase projects. See firebase-debug.log for more info.
